src/app/group/[id]/page.tsx(5,29): error TS2307: Cannot find module '@/amplify/data/resource' or its corresponding type declarations.
src/app/group/[id]/page.tsx(27,12): error TS2339: Property 'subscribe' does not exist on type 'ListReturnValue<any>'.
src/app/group/[id]/page.tsx(27,31): error TS7006: Parameter 'd' implicitly has an 'any' type.
src/app/group/[id]/page.tsx(31,12): error TS2339: Property 'subscribe' does not exist on type 'ListReturnValue<any>'.
src/app/group/[id]/page.tsx(31,31): error TS7006: Parameter 'd' implicitly has an 'any' type.
src/app/page.tsx(5,29): error TS2307: Cannot find module '@/amplify/data/resource' or its corresponding type declarations.
src/app/page.tsx(11,37): error TS2554: Expected 1-2 arguments, but got 0.
src/app/page.tsx(11,52): error TS2339: Property 'subscribe' does not exist on type 'ListReturnValue<any>'.
src/app/page.tsx(12,14): error TS7006: Parameter 'data' implicitly has an 'any' type.
src/client.ts(2,29): error TS2307: Cannot find module '@/amplify/data/resource' or its corresponding type declarations.
